// Jest Snapshot v1, https://goo.gl/fbAQLP

exports[`Testing DOM Elements When Component renders should take a snapshot 1`] = `
<DocumentFragment>
  <h1
    data-testid="number"
  >
    0
  </h1>
  <button
    data-testid="increment-button"
  >
     Increment
  </button>
  <button
    data-testid="decrement-button"
  >
    Decrement
  </button>
</DocumentFragment>
`;
